------------------------------------------------------------
Timing Analyzer Summary
------------------------------------------------------------

Type  : Slow 1100mV 100C Model Setup 'clk'
Slack : -0.690
TNS   : -4.321

Type  : Slow 1100mV 100C Model Hold 'clk'
Slack : 0.341
TNS   : 0.000

Type  : Slow 1100mV 100C Model Minimum Pulse Width 'clk'
Slack : -0.538
TNS   : -7.864

Type  : Slow 1100mV -40C Model Setup 'clk'
Slack : -0.701
TNS   : -4.959

Type  : Slow 1100mV -40C Model Hold 'clk'
Slack : 0.326
TNS   : 0.000

Type  : Slow 1100mV -40C Model Minimum Pulse Width 'clk'
Slack : -0.538
TNS   : -8.058

Type  : Fast 1100mV 100C Model Setup 'clk'
Slack : 0.118
TNS   : 0.000

Type  : Fast 1100mV 100C Model Hold 'clk'
Slack : 0.181
TNS   : 0.000

Type  : Fast 1100mV 100C Model Minimum Pulse Width 'clk'
Slack : -0.078
TNS   : -0.770

Type  : Fast 1100mV -40C Model Setup 'clk'
Slack : 0.187
TNS   : 0.000

Type  : Fast 1100mV -40C Model Hold 'clk'
Slack : 0.157
TNS   : 0.000

Type  : Fast 1100mV -40C Model Minimum Pulse Width 'clk'
Slack : -0.083
TNS   : -0.818

------------------------------------------------------------
